---
source: crates/mdtype-tests/tests/blog_site.rs
expression: pretty
---
{
  "diagnostics": [
    {
      "file": "examples/blog-site/content/posts/2026-02-missing-author.md",
      "fixit": null,
      "line": null,
      "message": "missing required field 'author'",
      "rule": "frontmatter.schema",
      "severity": "error"
    },
    {
      "file": "examples/blog-site/content/posts/2026-03-stray-h1.md",
      "fixit": {
        "kind": "DeleteLine",
        "line": 8
      },
      "line": 8,
      "message": "top-level heading '# Stray H1 — should fail body.forbid_h1' is not allowed; use '## Stray H1 — should fail body.forbid_h1' or rely on the file title",
      "rule": "body.forbid_h1",
      "severity": "error"
    }
  ],
  "summary": {
    "errors": 2,
    "files_scanned": 5,
    "files_with_errors": 2,
    "warnings": 0
  },
  "version": "1"
}
